[[1624, "Rasulpur, Near Balgopalpur Industrial Area"], [1744, "Near Overhead Water Tank of M/s PPT"], [2082, "Near Barabati Stadium, Tulasipur"], [1361, "Near Hindu College, Market Road, Guntur"], [1781, "Near Nutrine Confectionery, Palamaner Road, Chittor"], [1990, "Near ICL Industries, Yerrangunta, Kadapa District"], [2410, "Near Court Centre, Ongole, Parkasam District"], [55, "Raipur Road, Near parag Diary, Dehradun"], [534, "Himalaya Drug Co. Near ISBT"], [48, "Near Air India Office, Surat"], [1057, "Tristar Intermediate, Unit-II, Plot no-3321,GIDC Sarigam,Sarigam"], [753, "Regional Office MPPCB,Dharwari GaliNo.5,House No.318, Satna"], [819, "Sub-divisional Office E/M Light Machniery, Satna"], [3297, "Mahadwar Road, Near Mahalaxmi Temple, Kolhapur"], [3856, "M/s Apurva Oil and Industries Pvt. Ltd., A-23, MIDC, Amravati Dist."], [5974, "Bachat Bhawan, Near S P Office, Jalna"], [6143, "Bank of Baroda Building, Near Pimpri-Chinchwad M.C. Building"], [418, "KSPCB Bldg. Hebbal Ind. Area, Mysore"], [440, "KHB Industrial Area, Near R.R. Founders, Yelahanka, Bangalore"], [475, "M/S Associated Chem Pvt Ltd, Fazalganj, Kanpur"], [3367, "Hindu College, Main Gate, Buddh Bazar, Station Road"], [3441, "Central Police Hospital, Police traning Centre, Civil Lines"], [3615, "Petrol Pump, Civil Lines, Near Prabha Cinema"], [3790, "Khoya Mandi, Tiraha Lucknow Road, Rai Bareilly"], [652, "M/s Punjab Maltex Pvt. Ltd. Sports and Surgical Complex, Kapurthala Road, Jalandhar"], [525, "H. Lalthuama Building, Near D.C. Office, Project Veng, Kolasib"], [199, "Above the Fire Brigade Station, Near Birth 5A & 6A of Mormugao,Port Trust, Vasco"], [1321, "Near Railway Station at Kalem, Sanguem"], [2030, "Near District Office KSPCB, Makkamkunnu, Pathanamthitta"], [2509, "Kakkanchery, near KINFRA, Malappuram"], [137, "Export Promotion Industrial Park (EPIP). Byrnihat,Ri-Bhoi dist Meghalaya"], [269, "Office building of Add Chief Engineer,PHED, Araimille, Tura West Garo Hills District"], [403, "Office Premises of the O/o BDO, C & RD Block, Khliehriat"], [1658, "Regional Laboratory, HPSPCB, BBMB Colony, Sunder Nagar, Distt. Mandi"], [991, "Near Pragjyotish College, Santipur, Guwahati"], [1334, "Daranga, Baska district, BATAD,Assam near Sandoop Jhankar town of Bhutan"], [1415, "Office building of RLO, near Ithkola Market, Ghaniwala road"], [1791, "Water Resources Division Office Campus, Christian Patty, near Nagaon College"], [2087, "Campus of PWD Rural Division, near Gordon Boy's GS School, Dist- Nalbari"]]